Cargando PSFs experimentales...
  Grid(400x400 px, 1.0 nm/px -> 400 nm FOV)
  FWHM ajustado a las donas medidas: 343.9 nm (error de ajuste < 0.8%)
  radio del anillo: 206.5 nm   [referencias: SimuFLUX 186 nm, Tarkowski & Stefani 216 nm]
  profundidad del cero por haz: 9.0%, 8.7%, 10.4%, 11.0%   [Balzarotti 2017 reporta < 0.2 %]

EBP "Ideal"  |  K=4  |  Grid(400x400 px, 1.0 nm/px -> 400 nm FOV)
   haz    x [nm]    y [nm]  |r-r0| [nm]
     0      0.00      0.00         0.00
     1    -44.70    -25.81        51.61
     2     44.70    -25.81        51.61
     3      0.00     51.61        51.61
  L_eff = 103.23 nm  |  asimetria = 0.00 nm  |  centroide = (+0.00, -0.00) nm

EBP "Geometría medida
+ donas perfectas"  |  K=4  |  Grid(400x400 px, 1.0 nm/px -> 400 nm FOV)
   haz    x [nm]    y [nm]  |r-r0| [nm]
     0      0.00      0.00         0.00
     1    -44.00    -27.00        51.62
     2     45.00    -26.00        51.97
     3     -5.00     51.00        51.24
  L_eff = 103.23 nm  |  asimetria = 0.30 nm  |  centroide = (-1.00, -0.50) nm

EBP "Experimental"  |  K=4  |  Grid(400x400 px, 1.0 nm/px -> 400 nm FOV)
   haz    x [nm]    y [nm]  |r-r0| [nm]
     0      0.00      0.00         0.00
     1    -44.00    -27.00        51.62
     2     45.00    -26.00        51.97
     3     -5.00     51.00        51.24
  L_eff = 103.23 nm  |  asimetria = 0.30 nm  |  centroide = (-1.00, -0.50) nm

Emisor r0 = [ 5. -5.] nm  ->  pixel (205, 205)
Radio de búsqueda del MLE: 77.4 nm

Calculando CRB...
  ideal      CRB(r0) =   4.28 nm
  geom_exp   CRB(r0) =   4.32 nm
  exp        CRB(r0) =   9.69 nm

Simulando...
  semilla = 20260825 (resultados reproducibles)
    Ideal: 25/300
    Ideal: 50/300
    Ideal: 75/300
    Ideal: 100/300
    Ideal: 125/300
    Ideal: 150/300
    Ideal: 175/300
    Ideal: 200/300
    Ideal: 225/300
    Ideal: 250/300
    Ideal: 275/300
    Ideal: 300/300
    Geom. medida honesta: 25/300
    Geom. medida honesta: 50/300
    Geom. medida honesta: 75/300
    Geom. medida honesta: 100/300
    Geom. medida honesta: 125/300
    Geom. medida honesta: 150/300
    Geom. medida honesta: 175/300
    Geom. medida honesta: 200/300
    Geom. medida honesta: 225/300
    Geom. medida honesta: 250/300
    Geom. medida honesta: 275/300
    Geom. medida honesta: 300/300
    Geom. medida ingenua: 25/300
    Geom. medida ingenua: 50/300
    Geom. medida ingenua: 75/300
    Geom. medida ingenua: 100/300
    Geom. medida ingenua: 125/300
    Geom. medida ingenua: 150/300
    Geom. medida ingenua: 175/300
    Geom. medida ingenua: 200/300
    Geom. medida ingenua: 225/300
    Geom. medida ingenua: 250/300
    Geom. medida ingenua: 275/300
    Geom. medida ingenua: 300/300
    Experimental honesta: 25/300
    Experimental honesta: 50/300
    Experimental honesta: 75/300
    Experimental honesta: 100/300
    Experimental honesta: 125/300
    Experimental honesta: 150/300
    Experimental honesta: 175/300
    Experimental honesta: 200/300
    Experimental honesta: 225/300
    Experimental honesta: 250/300
    Experimental honesta: 275/300
    Experimental honesta: 300/300
    Experimental ingenua: 25/300
    Experimental ingenua: 50/300
    Experimental ingenua: 75/300
    Experimental ingenua: 100/300
    Experimental ingenua: 125/300
    Experimental ingenua: 150/300
    Experimental ingenua: 175/300
    Experimental ingenua: 200/300
    Experimental ingenua: 225/300
    Experimental ingenua: 250/300
    Experimental ingenua: 275/300
    Experimental ingenua: 300/300

======================================================================================
caso                      CRB        std_x        std_y       |sesgo|         RMSE  RMSE/CRB
--------------------------------------------------------------------------------------
Ideal                    4.28    4.07±0.17    4.21±0.17     0.38±0.34    4.15±0.17      0.97
Geom. medida honesta     4.32    4.30±0.18    4.50±0.18     0.27±0.36    4.41±0.18      1.02
Geom. medida ingenua     4.32    4.11±0.17    4.17±0.17     0.49±0.34    4.16±0.17      0.96
Experimental honesta     9.69   12.85±0.52   16.32±0.67     1.19±1.20   14.71±0.60      1.52
Experimental ingenua     9.69   32.83±1.34   42.02±1.72    18.35±3.08   39.87±1.63      4.11
======================================================================================
300 muestras por caso; incertidumbres = error estándar del estadístico.
RMSE/CRB ~ 1  -> el estimador alcanza el límite teórico (sólo varianza)
RMSE/CRB >> 1 -> hay sesgo: no se corrige juntando más fotones
[guardada] C:\Users\BANGHO\Documents\GithubPRO\p-minflux-main\documento\figs\fig01.png
[guardada] C:\Users\BANGHO\Documents\GithubPRO\p-minflux-main\documento\figs\fig02.png
[guardada] C:\Users\BANGHO\Documents\GithubPRO\p-minflux-main\documento\figs\fig03.png
[guardada] C:\Users\BANGHO\Documents\GithubPRO\p-minflux-main\documento\figs\fig04.png
[guardada] C:\Users\BANGHO\Documents\GithubPRO\p-minflux-main\documento\figs\fig05.png
[guardada] C:\Users\BANGHO\Documents\GithubPRO\p-minflux-main\documento\figs\fig06.png
