C (tau=4.21, [0,10.1]):  diag=0.9092  prev=0.0467  prev2=0.0024  captured=0.9584

Estudio A (simulation_misalignment): Ns=2000 Nb=95 r0=[-5.07 -7.56] px->[-5. -8.], 1000 muestras
caso                   C     bias_x   bias_y      |b|    std_x    std_y     RMSE |  asin_bx  asin_by
Ideal                  C0     0.005   -0.114    0.114    0.885    0.954    0.924 |    0.000    0.000  [eq 20/20, fails 0]
Ideal                  C1     0.065    0.137    0.152    0.871    0.941    0.913 |    0.069    0.217  [eq 20/20, fails 0]
Ideal                  C2    -0.981   -3.022    3.177    1.036    1.144    2.498 |   -0.990   -2.931  [eq 20/20, fails 0]
Ideal                  C3    -0.997   -2.812    2.984    1.024    1.159    2.376 |   -0.981   -2.749  [eq 20/20, fails 0]
                       CRB(r0) = 0.864 nm   RMSE/CRB: C0 1.07  C1 1.06  C2 2.89  C3 2.75
Geom. medida honesta   C0     0.002   -0.122    0.122    0.882    0.930    0.910 |    0.000   -0.000  [eq 20/20, fails 0]
Geom. medida honesta   C1     0.080    0.104    0.131    0.867    0.905    0.891 |    0.077    0.212  [eq 20/20, fails 0]
Geom. medida honesta   C2    -1.038   -2.895    3.075    1.026    1.105    2.422 |   -1.043   -2.813  [eq 20/20, fails 0]
Geom. medida honesta   C3    -1.034   -2.731    2.920    1.028    1.146    2.334 |   -1.026   -2.640  [eq 20/20, fails 0]
                       CRB(r0) = 0.850 nm   RMSE/CRB: C0 1.07  C1 1.05  C2 2.85  C3 2.74
Geom. medida ingenua   C0    -0.379    0.481    0.612    0.899    0.972    1.032 |   -0.353    0.555  [eq 20/20, fails 0]
Geom. medida ingenua   C1    -0.302    0.669    0.734    0.871    0.932    1.041 |   -0.272    0.761  [eq 20/20, fails 0]
Geom. medida ingenua   C2    -1.415   -2.353    2.746    1.035    1.198    2.241 |   -1.419   -2.273  [eq 20/20, fails 0]
Geom. medida ingenua   C3    -1.397   -2.182    2.591    1.041    1.191    2.147 |   -1.405   -2.094  [eq 20/20, fails 0]
                       CRB(r0) = 0.850 nm   RMSE/CRB: C0 1.21  C1 1.22  C2 2.63  C3 2.52
Realista honesta       C0    -0.138   -0.113    0.178    2.414    2.254    2.339 |    0.000    0.000  [eq 20/20, fails 0]
Realista honesta       C1    -0.253    0.017    0.254    2.411    2.261    2.344 |   -0.144    0.159  [eq 20/20, fails 0]
Realista honesta       C2     0.319   -2.073    2.097    2.553    2.412    2.893 |    0.401   -1.909  [eq 20/20, fails 0]
Realista honesta       C3     0.170   -1.934    1.941    2.601    2.470    2.884 |    0.281   -1.779  [eq 20/20, fails 0]
                       CRB(r0) = 2.348 nm   RMSE/CRB: C0 1.00  C1 1.00  C2 1.23  C3 1.23
Realista ingenua       C0    -5.458    0.659    5.498    8.951   15.016   12.958 |    1.737  -11.249  [eq 20/20, fails 0]
Realista ingenua       C1    -5.188    0.530    5.215    8.477   14.449   12.406 |    1.695  -11.042  [eq 20/20, fails 0]
Realista ingenua       C2    -9.877   -6.416   11.778   18.750   29.935   26.329 |    1.587  -13.263  [eq 20/20, fails 0]
Realista ingenua       C3    -9.044   -5.991   10.848   17.807   28.260   24.834 |    1.555  -13.096  [eq 20/20, fails 0]
                       CRB(r0) = 2.348 nm   RMSE/CRB: C0 5.52  C1 5.28  C2 11.21  C3 10.57

Estudio B (make_fig_eficiencia): SBR=9 r0=(5,-5), 250 muestras
ideal          N=  100 CRB=4.276  C0: RMSE/CRB 0.97 |b| 0.52  C1: RMSE/CRB 0.94 |b| 0.32  C2: RMSE/CRB 1.23 |b| 1.66  C3: RMSE/CRB 1.23 |b| 1.56
ideal          N=  400 CRB=2.138  C0: RMSE/CRB 0.98 |b| 0.02  C1: RMSE/CRB 0.93 |b| 0.24  C2: RMSE/CRB 1.34 |b| 1.50  C3: RMSE/CRB 1.28 |b| 1.30
ideal          N= 1600 CRB=1.069  C0: RMSE/CRB 1.06 |b| 0.16  C1: RMSE/CRB 1.00 |b| 0.18  C2: RMSE/CRB 1.77 |b| 1.81  C3: RMSE/CRB 1.65 |b| 1.57
realistic_fit  N=  100 CRB=10.404  C0: RMSE/CRB 1.36 |b| 2.11  C1: RMSE/CRB 1.35 |b| 2.54  C2: RMSE/CRB 1.48 |b| 1.78  C3: RMSE/CRB 1.52 |b| 2.56
realistic_fit  N=  400 CRB=5.202  C0: RMSE/CRB 0.96 |b| 0.52  C1: RMSE/CRB 0.97 |b| 0.58  C2: RMSE/CRB 1.00 |b| 0.71  C3: RMSE/CRB 1.02 |b| 0.60
realistic_fit  N= 1600 CRB=2.601  C0: RMSE/CRB 1.02 |b| 0.13  C1: RMSE/CRB 1.04 |b| 0.46  C2: RMSE/CRB 1.11 |b| 1.22  C3: RMSE/CRB 1.12 |b| 1.07

guardado en C:\Users\BANGHO\Documents\GithubPRO\pminflux-sim-v2\equipo\2026-09-28_review-pminflux-sim\work\w3\F201_out.json  (1566 s)
