ang  90 r= 30.0  CRBfix 1.2927  full 0.9876 (h=1e-5: 0.9876) frozen 0.9906
ang  90 r= 40.0  CRBfix 1.7155  full 0.9619 (h=1e-5: 0.9619) frozen 0.9715
ang  90 r= 44.0  CRBfix 2.0043  full 0.9376 (h=1e-5: 0.9376) frozen 0.9539
ang  90 r= 46.0  CRBfix 2.2096  full 0.9239 (h=1e-5: 0.9239) frozen 0.9461
ang  90 r= 47.0  CRBfix 2.3324  full 0.9197 (h=1e-5: 0.9197) frozen 0.9453
ang  90 r= 48.0  CRBfix 2.4670  full 0.9202 (h=1e-5: 0.9202) frozen 0.9490
ang  90 r= 49.0  CRBfix 2.6070  full 0.9285 (h=1e-5: 0.9285) frozen 0.9586
ang  90 r= 50.0  CRBfix 2.7401  full 0.9468 (h=1e-5: 0.9468) frozen 0.9727
ang  90 r= 51.0  CRBfix 2.8501  full 0.9728 (h=1e-5: 0.9728) frozen 0.9850
ang  90 r= 51.6  CRBfix 2.8991  full 0.9883 (h=1e-5: 0.9883) frozen 0.9876
ang 210 r= 30.0  CRBfix 1.2927  full 0.9876 (h=1e-5: 0.9876) frozen 0.9906
ang 210 r= 40.0  CRBfix 1.7155  full 0.9619 (h=1e-5: 0.9619) frozen 0.9715
ang 210 r= 44.0  CRBfix 2.0043  full 0.9376 (h=1e-5: 0.9376) frozen 0.9539
ang 210 r= 46.0  CRBfix 2.2096  full 0.9239 (h=1e-5: 0.9239) frozen 0.9461
ang 210 r= 47.0  CRBfix 2.3324  full 0.9197 (h=1e-5: 0.9197) frozen 0.9453
ang 210 r= 48.0  CRBfix 2.4670  full 0.9202 (h=1e-5: 0.9202) frozen 0.9490
ang 210 r= 49.0  CRBfix 2.6070  full 0.9285 (h=1e-5: 0.9285) frozen 0.9586
ang 210 r= 50.0  CRBfix 2.7401  full 0.9468 (h=1e-5: 0.9468) frozen 0.9727
ang 210 r= 51.0  CRBfix 2.8501  full 0.9728 (h=1e-5: 0.9728) frozen 0.9850
ang 210 r= 51.6  CRBfix 2.8991  full 0.9883 (h=1e-5: 0.9883) frozen 0.9876
