naive L_eff 103.0686 phi 1.61107
2095 ideal mix_known {"max_bias": 0.0960781655381041, "mean_ratio": 0.9836894114835296, "edge": 0.0, "crb": [0.928, 0.938, 0.985, 0.939, 1.034], "bias": [0.074, 0.063, 0.096, 0.05, 0.03]}
2095 ideal legacy {"max_bias": 3.1067558521251986, "mean_ratio": 1.638286809323678, "edge": 0.0, "crb": [0.928, 0.938, 0.985, 0.939, 1.034], "bias": [1.491, 0.697, 1.452, 3.107, 1.444]}
2095 desalineada mix_known {"max_bias": 0.059051050504453334, "mean_ratio": 1.002135570615682, "edge": 0.0, "crb": [0.953, 0.973, 0.975, 1.012, 1.089], "bias": [0.059, 0.011, 0.049, 0.03, 0.046]}
2095 desalineada legacy {"max_bias": 3.1421816391427284, "mean_ratio": 1.7243021593119, "edge": 0.0, "crb": [0.953, 0.973, 0.975, 1.012, 1.089], "bias": [3.142, 2.073, 1.002, 1.832, 0.763]}
2095 desalineada naive {"max_bias": 8.605568207467217, "mean_ratio": 4.082640467805538, "edge": 0.0, "crb": [0.953, 0.973, 0.975, 1.012, 1.089], "bias": [3.855, 5.804, 6.047, 3.816, 8.606]}
100 ideal mix_known {"max_bias": 0.7480675964657684, "mean_ratio": 1.094783937135063, "edge": 0.001, "crb": [4.25, 4.292, 4.507, 4.297, 4.733], "bias": [0.475, 0.123, 0.748, 0.572, 0.51]}
100 ideal legacy {"max_bias": 2.423514963990048, "mean_ratio": 1.1850574630797925, "edge": 0.001, "crb": [4.25, 4.292, 4.507, 4.297, 4.733], "bias": [0.659, 0.321, 0.971, 2.424, 1.835]}
100 desalineada mix_known {"max_bias": 0.664641650006646, "mean_ratio": 1.0415992252732489, "edge": 0.0, "crb": [4.361, 4.455, 4.461, 4.634, 4.983], "bias": [0.444, 0.665, 0.306, 0.401, 0.462]}
100 desalineada legacy {"max_bias": 2.6028940388771846, "mean_ratio": 1.1507117725063642, "edge": 0.0, "crb": [4.361, 4.455, 4.461, 4.634, 4.983], "bias": [2.603, 0.721, 0.732, 2.171, 1.069]}
100 desalineada naive {"max_bias": 8.403152934575862, "mean_ratio": 1.4161697766314334, "edge": 0.0, "crb": [4.361, 4.455, 4.461, 4.634, 4.983], "bias": [4.308, 5.17, 7.315, 4.319, 8.403]}
400 ideal mix_known {"max_bias": 0.26313201170203393, "mean_ratio": 1.029375691888421, "edge": 0.0, "crb": [2.125, 2.146, 2.254, 2.148, 2.366], "bias": [0.152, 0.263, 0.027, 0.175, 0.206]}
400 ideal legacy {"max_bias": 2.9401090298536747, "mean_ratio": 1.211715917758611, "edge": 0.0, "crb": [2.125, 2.146, 2.254, 2.148, 2.366], "bias": [1.36, 0.391, 1.535, 2.94, 1.425]}
400 desalineada mix_known {"max_bias": 0.38495645332754475, "mean_ratio": 1.0271936951811749, "edge": 0.0, "crb": [2.181, 2.227, 2.23, 2.317, 2.491], "bias": [0.299, 0.158, 0.295, 0.385, 0.235]}
400 desalineada legacy {"max_bias": 2.847747972364083, "mean_ratio": 1.2456792941152155, "edge": 0.0, "crb": [2.181, 2.227, 2.23, 2.317, 2.491], "bias": [2.848, 1.796, 1.307, 1.599, 0.884]}
400 desalineada naive {"max_bias": 8.758124023829769, "mean_ratio": 2.014476532292605, "edge": 0.0, "crb": [2.181, 2.227, 2.23, 2.317, 2.491], "bias": [3.717, 5.862, 5.836, 3.725, 8.758]}
1600 ideal mix_known {"max_bias": 0.16732640367033783, "mean_ratio": 0.9820645559462153, "edge": 0.0, "crb": [1.062, 1.073, 1.127, 1.074, 1.183], "bias": [0.089, 0.057, 0.167, 0.078, 0.122]}
1600 ideal legacy {"max_bias": 3.1737848944893248, "mean_ratio": 1.5128692711556266, "edge": 0.0, "crb": [1.062, 1.073, 1.127, 1.074, 1.183], "bias": [1.55, 0.682, 1.369, 3.174, 1.337]}
1600 desalineada mix_known {"max_bias": 0.36103587686557537, "mean_ratio": 1.006129206555477, "edge": 0.0, "crb": [1.09, 1.114, 1.115, 1.158, 1.246], "bias": [0.123, 0.361, 0.07, 0.11, 0.193]}
1600 desalineada legacy {"max_bias": 3.070509925763282, "mean_ratio": 1.5854567651889386, "edge": 0.0, "crb": [1.09, 1.114, 1.115, 1.158, 1.246], "bias": [3.071, 1.857, 1.097, 1.829, 0.702]}
1600 desalineada naive {"max_bias": 8.711954021669035, "mean_ratio": 3.568120765605913, "edge": 0.0, "crb": [1.09, 1.114, 1.115, 1.158, 1.246], "bias": [3.838, 5.531, 5.928, 3.843, 8.712]}
runtime 20.290591955184937
